// Jest Snapshot v1, https://goo.gl/fbAQLP

exports[`Webex Member Roster component snapshot matches snapshot of webex member roster 1`] = `
<List
  active={null}
  ariaConfig={null}
  className=""
  focus={null}
  focusFirst={true}
  focusFirstQuery=""
  focusQuery=""
  id={null}
  itemRole="listitem"
  navigationDirection="both"
  onSelect={null}
  role="list"
  shouldFocusActive={false}
  shouldFocusInitial={true}
  shouldLoop={true}
  shouldPropagateKeyDown={false}
  tabType="vertical"
  trackActive={true}
  type={null}
  wrap={false}
/>
`;
